
  This is Terrain part of RegCM package version 5
   GIT Revision: 5.0.0 compiled at: data : Jan 12 2023  time: 14:49:26

 : this run start at  : 2024-03-11 16:20:23+0100
 : it is submitted by : mdasilva
 : it is running on   : r164c08s01
 : in directory       : 
 /marconi/home/userexternal/mdasilva/github_projects/shell/ictp/regcm_exp/test
                      
 Using non hydrostatic Moloch dynamic
 
 Doing Horizontal Grid with following parameters
 iy     =          783
 jx     =         1231
 kz     =           41
 ds     =    3.33596770345637     
 clat   =   -25.0000000000000     
 clon   =   -57.0000000000000     
 iproj  = ROTLLR
 Grid setup done
 Geo mapping done
 Calculated large extrema:
          MINLAT =   -37.0000000000000     
          MAXLAT =   -12.0000000000000     
          MINLON =   -79.0000000000000     
          MAXLON =   -35.0000000000000     
 Determined Grid coordinate range
 No resampling used.
 Static DEM data successfully read in
 Interpolated DEM on model GRID
 Static landcover BATS data successfully read in
 Interpolated landcover on model GRID
 Static texture data successfully read in
 Interpolated texture on model GRID
 Static bathymetry data successfully read in
 Interpolated bathymetry on model GRID
 Fudging data (if requested) succeeded
 Skip moisture creation, no moisture file to read
 Vertical Grid Description (mean over domain)
 
 --------------------------------------------------
 k        sigma       p(mb)          h(m)      T(K)
 --------------------------------------------------
 42       1.000     1013.25          0.00     288.1
 41       0.976     1004.00         77.30     287.6
 40       0.951      994.26        159.25     287.1
 39       0.927      983.98        246.51     286.6
 38       0.902      973.09        339.79     285.9
 37       0.878      961.51        439.85     285.3
 36       0.854      949.18        547.51     284.6
 35       0.829      936.02        663.66     283.8
 34       0.805      921.96        789.23     283.0
 33       0.780      906.92        925.25     282.1
 32       0.756      890.84       1072.81     281.2
 31       0.732      873.62       1233.10     280.1
 30       0.707      855.22       1407.37     279.0
 29       0.683      835.54       1596.99     277.8
 28       0.659      814.54       1803.46     276.4
 27       0.634      792.16       2028.35     275.0
 26       0.610      768.34       2273.39     273.4
 25       0.585      743.04       2540.42     271.7
 24       0.561      716.24       2831.47     269.8
 23       0.537      687.93       3148.69     267.7
 22       0.512      658.11       3494.42     265.5
 21       0.488      626.82       3871.19     263.0
 20       0.463      594.10       4281.74     260.4
 19       0.439      560.05       4729.03     257.5
 18       0.415      524.77       5216.25     254.3
 17       0.390      488.42       5746.87     250.9
 16       0.366      451.18       6324.64     247.1
 15       0.341      413.30       6953.62     243.0
 14       0.317      375.03       7638.19     238.6
 13       0.293      336.71       8383.11     233.7
 12       0.268      298.68       9193.53     228.5
 11       0.244      261.34      10075.02     222.8
 10       0.220      225.12      11033.63     216.5
  9       0.195      190.47      12075.89     216.6
  8       0.171      157.84      13208.90     217.6
  7       0.146      127.66      14440.33     218.2
  6       0.122      100.35      15778.51     218.8
  5       0.098       76.24      17232.46     219.4
  4       0.073       55.61      18811.94     220.1
  3       0.049       38.57      20527.56     220.9
  2       0.024       25.13      22390.78     221.8
  1       0.000       15.11      24414.06     222.7
 Grid data written to output file
 Successfully completed terrain fields generation

  This is Terrain part of RegCM package version 5
   GIT Revision: 5.0.1 compiled at: data : Mar 05 2024  time: 16:18:07

 : this run start at  : 2024-03-11 16:22:25+0100
 : it is submitted by : mdasilva
 : it is running on   : r164c08s01
 : in directory       : 
 /marconi/home/userexternal/mdasilva/github_projects/shell/ictp/regcm_exp/test
                      
 Using non hydrostatic Moloch dynamic
 
 Doing Horizontal Grid with following parameters
 iy     =          783
 jx     =         1231
 kz     =           41
 ds     =    3.33596770345637     
 clat   =   -25.0000000000000     
 clon   =   -57.0000000000000     
 iproj  = ROTLLR
 Grid setup done
 Geo mapping done
 Calculated large extrema:
          MINLAT =   -37.0000000000000     
          MAXLAT =   -12.0000000000000     
          MINLON =   -79.0000000000000     
          MAXLON =   -35.0000000000000     
 Determined Grid coordinate range
 No resampling used.
 Static DEM data successfully read in
 Interpolated DEM on model GRID
 Static landcover BATS data successfully read in
 Interpolated landcover on model GRID
 Static texture data successfully read in
 Interpolated texture on model GRID
 Static bathymetry data successfully read in
 Interpolated bathymetry on model GRID
 Fudging data (if requested) succeeded
 Skip moisture creation, no moisture file to read
 Vertical Grid Description (mean over domain)
 
 --------------------------------------------------
 k        sigma       p(mb)          h(m)      T(K)
 --------------------------------------------------
 42       1.000     1013.25          0.00     288.1
 41       0.976     1004.00         77.30     287.6
 40       0.951      994.26        159.25     287.1
 39       0.927      983.98        246.51     286.6
 38       0.902      973.09        339.79     285.9
 37       0.878      961.51        439.85     285.3
 36       0.854      949.18        547.51     284.6
 35       0.829      936.02        663.66     283.8
 34       0.805      921.96        789.23     283.0
 33       0.780      906.92        925.25     282.1
 32       0.756      890.84       1072.81     281.2
 31       0.732      873.62       1233.10     280.1
 30       0.707      855.22       1407.37     279.0
 29       0.683      835.54       1596.99     277.8
 28       0.659      814.54       1803.46     276.4
 27       0.634      792.16       2028.35     275.0
 26       0.610      768.34       2273.39     273.4
 25       0.585      743.04       2540.42     271.7
 24       0.561      716.24       2831.47     269.8
 23       0.537      687.93       3148.69     267.7
 22       0.512      658.11       3494.42     265.5
 21       0.488      626.82       3871.19     263.0
 20       0.463      594.10       4281.74     260.4
 19       0.439      560.05       4729.03     257.5
 18       0.415      524.77       5216.25     254.3
 17       0.390      488.42       5746.87     250.9
 16       0.366      451.18       6324.64     247.1
 15       0.341      413.30       6953.62     243.0
 14       0.317      375.03       7638.19     238.6
 13       0.293      336.71       8383.11     233.7
 12       0.268      298.68       9193.53     228.5
 11       0.244      261.34      10075.02     222.8
 10       0.220      225.12      11033.63     216.5
  9       0.195      190.47      12075.89     216.6
  8       0.171      157.84      13208.90     217.6
  7       0.146      127.66      14440.33     218.2
  6       0.122      100.35      15778.51     218.8
  5       0.098       76.24      17232.46     219.4
  4       0.073       55.61      18811.94     220.1
  3       0.049       38.57      20527.56     220.9
  2       0.024       25.13      22390.78     221.8
  1       0.000       15.11      24414.06     222.7
 Grid data written to output file
 Successfully completed terrain fields generation
